{
    "versions": {
        "content": [
            [
                [
                    "IMAGEQC_GALLERY",
                    "python",
                    "3.13.15"
                ]
            ],
            [
                [
                    "IMAGEQC_GALLERY",
                    "pillow",
                    "12.3.0"
                ]
            ]
        ],
        "timestamp": "2026-09-30T18:07:06.824006",
        "meta": {
            "nf-test": "0.9.4",
            "nextflow": "25.10.4"
        }
    }
}